// Jest Snapshot v1, https://goo.gl/fbAQLP

exports[`response to window width changes 1`] = `
<DocumentFragment>
  <p>
    lg
  </p>
</DocumentFragment>
`;

exports[`response to window width changes 2`] = `
<DocumentFragment>
  <p>
    xs
  </p>
</DocumentFragment>
`;

exports[`response to window width changes 3`] = `
<DocumentFragment>
  <p>
    sm
  </p>
</DocumentFragment>
`;

exports[`response to window width changes 4`] = `
<DocumentFragment>
  <p>
    md
  </p>
</DocumentFragment>
`;

exports[`response to window width changes 5`] = `
<DocumentFragment>
  <p>
    xl
  </p>
</DocumentFragment>
`;
